Flutter crash report.
Please report a bug at https://github.com/flutter/flutter/issues.

## command

flutter debug_adapter

## exception

FileSystemException: FileSystemException: writeFrom failed, path = '' (OS Error: Le canal de communication est sur le point d’être fermé.
, errno = 232)

```
#0      _checkForErrorResponse (dart:io/common.dart:58:9)
#1      _RandomAccessFile.writeFrom.<anonymous closure> (dart:io/file_impl.dart:1001:7)
#2      _rootRunUnary (dart:async/zone.dart:1538:47)
#3      _CustomZone.runUnary (dart:async/zone.dart:1429:19)
<asynchronous suspension>
#4      _FileStreamConsumer.addStream.<anonymous closure>.<anonymous closure>.<anonymous closure> (dart:io/file_impl.dart:237:27)
<asynchronous suspension>
```

## flutter doctor

```
[✓] Flutter (Channel stable, 3.35.3, on Microsoft Windows [version 10.0.26100.8037], locale fr-FR) [528ms]
    • Flutter version 3.35.3 on channel stable at K:\flutter
    • Upstream repository https://github.com/flutter/flutter.git
    • Framework revision a402d9a437 (7 months ago), 2025-09-03 14:54:31 -0700
    • Engine revision ddf47dd3ff
    • Dart version 3.9.2
    • DevTools version 2.48.0
    • Feature flags: enable-web, enable-linux-desktop, enable-macos-desktop, enable-windows-desktop, enable-android, enable-ios, cli-animations, enable-lldb-debugging

[✓] Windows Version (Windows 11 or higher, 24H2, 2009) [1 973ms]

[!] Android toolchain - develop for Android devices (Android SDK version 36.1.0-rc1) [7,3s]
    • Android SDK at C:\Users\russe\AppData\Local\Android\sdk
    • Emulator version 36.1.9.0 (build_id 13823996) (CL:N/A)
    • Platform android-36, build-tools 36.1.0-rc1
    • Java binary at: C:\Program Files\Android\Android Studio\jbr\bin\java
      This is the JDK bundled with the latest Android Studio installation on this machine.
      To manually set the JDK path, use: `flutter config --jdk-dir="path/to/jdk"`.
    • Java version OpenJDK Runtime Environment (build 21.0.7+-13880790-b1038.58)
    ! Some Android licenses not accepted. To resolve this, run: flutter doctor --android-licenses

[✗] Chrome - develop for the web (Cannot find Chrome executable at .\Google\Chrome\Application\chrome.exe) [26ms]
    ! Cannot find Chrome. Try setting CHROME_EXECUTABLE to a Chrome executable.

[✗] Visual Studio - develop Windows apps [24ms]
    ✗ Visual Studio not installed; this is necessary to develop Windows apps.
      Download at https://visualstudio.microsoft.com/downloads/.
      Please install the "Desktop development with C++" workload, including all of its default components

[✓] Android Studio (version 2025.1.3) [20ms]
    • Android Studio at C:\Program Files\Android\Android Studio
    • Flutter plugin can be installed from:
      🔨 https://plugins.jetbrains.com/plugin/9212-flutter
    • Dart plugin can be installed from:
      🔨 https://plugins.jetbrains.com/plugin/6351-dart
    • Java version OpenJDK Runtime Environment (build 21.0.7+-13880790-b1038.58)

[✓] VS Code (version unknown) [17ms]
    • VS Code at C:\Users\russe\AppData\Local\Programs\Microsoft VS Code
    • Flutter extension version 3.132.0
    ✗ Unable to determine VS Code version.

[✓] Connected device (3 available) [677ms]
    • TECNO KM5 (mobile) • 144131558S008565 • android-arm64  • Android 15 (API 35)
    • Windows (desktop)  • windows          • windows-x64    • Microsoft Windows [version 10.0.26100.8037]
    • Edge (web)         • edge             • web-javascript • Microsoft Edge 146.0.3856.97

[✓] Network resources [2,1s]
    • All expected network resources are available.

! Doctor found issues in 3 categories.
```
