#
# There is insufficient memory for the Java Runtime Environment to continue.
# Native memory allocation (malloc) failed to allocate 32744 bytes. Error detail: Chunk::new
# Possible reasons:
#   The system is out of physical RAM or swap space
#   This process is running with CompressedOops enabled, and the Java Heap may be blocking the growth of the native heap
# Possible solutions:
#   Reduce memory load on the system
#   Increase physical memory or swap space
#   Check if swap backing store is full
#   Decrease Java heap size (-Xmx/-Xms)
#   Decrease number of Java threads
#   Decrease Java thread stack sizes (-Xss)
#   Set larger code cache with -XX:ReservedCodeCacheSize=
#   JVM is running with Zero Based Compressed Oops mode in which the Java heap is
#     placed in the first 32GB address space. The Java Heap base address is the
#     maximum limit for the native heap growth. Please use -XX:HeapBaseMinAddress
#     to set the Java Heap base and to place the Java Heap above 32GB virtual address.
# This output file may be truncated or incomplete.
#
#  Out of Memory Error (arena.cpp:168), pid=6960, tid=12524
#
# JRE version: OpenJDK Runtime Environment (21.0.7) (build 21.0.7+-13880790-b1038.58)
# Java VM: OpenJDK 64-Bit Server VM (21.0.7+-13880790-b1038.58, mixed mode, tiered, compressed oops, compressed class ptrs, g1 gc, windows-amd64)
# No core dump will be written. Minidumps are not enabled by default on client versions of Windows
#

---------------  S U M M A R Y ------------

Command Line: -Dorg.gradle.appname=gradlew org.gradle.wrapper.GradleWrapperMain -q -Ptarget-platform=android-arm64 -Ptarget=K:\Myreklam\myreklam-mobile\lib\main.dart -Pbase-application-name=android.app.Application -Pdart-defines=RkxVVFRFUl9WRVJTSU9OPTMuMzUuMw==,RkxVVFRFUl9DSEFOTkVMPXN0YWJsZQ==,RkxVVFRFUl9HSVRfVVJMPWh0dHBzOi8vZ2l0aHViLmNvbS9mbHV0dGVyL2ZsdXR0ZXIuZ2l0,RkxVVFRFUl9GUkFNRVdPUktfUkVWSVNJT049YTQwMmQ5YTQzNw==,RkxVVFRFUl9FTkdJTkVfUkVWSVNJT049ZGRmNDdkZDNmZg==,RkxVVFRFUl9EQVJUX1ZFUlNJT049My45LjI= -Pdart-obfuscation=false -Ptrack-widget-creation=true -Ptree-shake-icons=false -Pfilesystem-scheme=org-dartlang-root assembleDebug

Host: Intel(R) Core(TM) i7-7820HQ CPU @ 2.90GHz, 8 cores, 15G,  Windows 11 , 64 bit Build 26100 (10.0.26100.8246)
Time: Tue May  5 17:07:25 2026 Afr. centrale Ouest elapsed time: 12.973530 seconds (0d 0h 0m 12s)

---------------  T H R E A D  ---------------

Current thread (0x00000229072ca0c0):  JavaThread "C1 CompilerThread0" daemon [_thread_in_native, id=12524, stack(0x0000007bbbc00000,0x0000007bbbd00000) (1024K)]


Current CompileTask:
C1:12973 1867       3       java.lang.invoke.VarHandleGuards::guard_LLL_Z (86 bytes)

Stack: [0x0000007bbbc00000,0x0000007bbbd00000]
Native frames: (J=compiled Java code, j=interpreted, Vv=VM code, C=native code)
V  [jvm.dll+0x6d25c9]
V  [jvm.dll+0x860923]
V  [jvm.dll+0x862e7e]
V  [jvm.dll+0x863563]
V  [jvm.dll+0x27f156]
V  [jvm.dll+0xc002d]
V  [jvm.dll+0xc0563]
V  [jvm.dll+0x268f98]
V  [jvm.dll+0x6bd8d5]
V  [jvm.dll+0x19788e]
V  [jvm.dll+0x19553d]
V  [jvm.dll+0x1958fa]
V  [jvm.dll+0x198052]
V  [jvm.dll+0x1504e3]
V  [jvm.dll+0x14fd88]
V  [jvm.dll+0x14ffc6]
V  [jvm.dll+0x14f33f]
V  [jvm.dll+0x151161]
V  [jvm.dll+0x256bac]
V  [jvm.dll+0x2550f6]
V  [jvm.dll+0x3f1d16]
V  [jvm.dll+0x808d08]
V  [jvm.dll+0x6d0e1d]
C  [ucrtbase.dll+0x37b0]
C  [KERNEL32.DLL+0x2e8d7]
C  [ntdll.dll+0x8c3fc]


---------------  P R O C E S S  ---------------

Threads class SMR info:
_java_thread_list=0x000002290c7b3bd0, length=12, elements={
0x000002296b09f4c0, 0x0000022907286350, 0x0000022907289e70, 0x000002290728a8d0,
0x00000229072aa980, 0x00000229072bc7f0, 0x00000229072bd9d0, 0x00000229072befa0,
0x00000229072c84e0, 0x00000229072ca0c0, 0x000002290745de60, 0x000002290c741b50
}

Java Threads: ( => current thread )
  0x000002296b09f4c0 JavaThread "main"                              [_thread_in_native, id=8376, stack(0x0000007bbac00000,0x0000007bbad00000) (1024K)]
  0x0000022907286350 JavaThread "Common-Cleaner"             daemon [_thread_blocked, id=17848, stack(0x0000007bbb400000,0x0000007bbb500000) (1024K)]
  0x0000022907289e70 JavaThread "Reference Handler"          daemon [_thread_blocked, id=3568, stack(0x0000007bbb500000,0x0000007bbb600000) (1024K)]
  0x000002290728a8d0 JavaThread "Finalizer"                  daemon [_thread_blocked, id=6128, stack(0x0000007bbb600000,0x0000007bbb700000) (1024K)]
  0x00000229072aa980 JavaThread "Signal Dispatcher"          daemon [_thread_blocked, id=11428, stack(0x0000007bbb700000,0x0000007bbb800000) (1024K)]
  0x00000229072bc7f0 JavaThread "Attach Listener"            daemon [_thread_blocked, id=9796, stack(0x0000007bbb800000,0x0000007bbb900000) (1024K)]
  0x00000229072bd9d0 JavaThread "Service Thread"             daemon [_thread_blocked, id=13856, stack(0x0000007bbb900000,0x0000007bbba00000) (1024K)]
  0x00000229072befa0 JavaThread "Monitor Deflation Thread"   daemon [_thread_blocked, id=1332, stack(0x0000007bbba00000,0x0000007bbbb00000) (1024K)]
  0x00000229072c84e0 JavaThread "C2 CompilerThread0"         daemon [_thread_blocked, id=15088, stack(0x0000007bbbb00000,0x0000007bbbc00000) (1024K)]
=>0x00000229072ca0c0 JavaThread "C1 CompilerThread0"         daemon [_thread_in_native, id=12524, stack(0x0000007bbbc00000,0x0000007bbbd00000) (1024K)]
  0x000002290745de60 JavaThread "Notification Thread"        daemon [_thread_blocked, id=6832, stack(0x0000007bbbd00000,0x0000007bbbe00000) (1024K)]
  0x000002290c741b50 JavaThread "pool-1-thread-1"                   [_thread_blocked, id=18192, stack(0x0000007bbc500000,0x0000007bbc600000) (1024K)]
Total: 12

Other Threads:
  0x00000229070ee9f0 VMThread "VM Thread"                           [id=18728, stack(0x0000007bbb300000,0x0000007bbb400000) (1024K)]
  0x000002290706f110 WatcherThread "VM Periodic Task Thread"        [id=7128, stack(0x0000007bbb200000,0x0000007bbb300000) (1024K)]
  0x000002296b102750 WorkerThread "GC Thread#0"                     [id=18064, stack(0x0000007bbad00000,0x0000007bbae00000) (1024K)]
  0x0000022907960f90 WorkerThread "GC Thread#1"                     [id=19048, stack(0x0000007bbc000000,0x0000007bbc100000) (1024K)]
  0x0000022907c6e0b0 WorkerThread "GC Thread#2"                     [id=7556, stack(0x0000007bbc100000,0x0000007bbc200000) (1024K)]
  0x0000022907dd8670 WorkerThread "GC Thread#3"                     [id=376, stack(0x0000007bbc200000,0x0000007bbc300000) (1024K)]
  0x0000022907dd8a10 WorkerThread "GC Thread#4"                     [id=18476, stack(0x0000007bbc300000,0x0000007bbc400000) (1024K)]
  0x000002290770b100 WorkerThread "GC Thread#5"                     [id=18152, stack(0x0000007bbc400000,0x0000007bbc500000) (1024K)]
  0x000002296b113410 ConcurrentGCThread "G1 Main Marker"            [id=3452, stack(0x0000007bbae00000,0x0000007bbaf00000) (1024K)]
  0x000002296b113e20 WorkerThread "G1 Conc#0"                       [id=12172, stack(0x0000007bbaf00000,0x0000007bbb000000) (1024K)]
  0x0000022906f44590 ConcurrentGCThread "G1 Refine#0"               [id=16868, stack(0x0000007bbb000000,0x0000007bbb100000) (1024K)]
  0x0000022906f44db0 ConcurrentGCThread "G1 Service"                [id=18428, stack(0x0000007bbb100000,0x0000007bbb200000) (1024K)]
Total: 12

Threads with active compile tasks:
C1 CompilerThread0  13013 1867       3       java.lang.invoke.VarHandleGuards::guard_LLL_Z (86 bytes)
Total: 1

VM state: not at safepoint (normal execution)

VM Mutex/Monitor currently owned by a thread: None

Heap address: 0x0000000702200000, size: 4062 MB, Compressed Oops mode: Zero based, Oop shift amount: 3

CDS archive(s) not mapped
Compressed class space mapped at: 0x0000000800000000-0x0000000840000000, reserved size: 1073741824
Narrow klass base: 0x0000000800000000, Narrow klass shift: 0, Narrow klass range: 0x40000000

GC Precious Log:
 CardTable entry size: 512
 Card Set container configuration: InlinePtr #cards 4 size 8 Array Of Cards #cards 16 size 48 Howl #buckets 8 coarsen threshold 3686 Howl Bitmap #cards 512 size 80 coarsen threshold 460 Card regions per heap region 1 cards per card region 4096
 CPUs: 8 total, 8 available
 Memory: 16244M
 Large Page Support: Disabled
 NUMA Support: Disabled
 Compressed Oops: Enabled (Zero based)
 Heap Region Size: 2M
 Heap Min Capacity: 8M
 Heap Initial Capacity: 254M
 Heap Max Capacity: 4062M
 Pre-touch: Disabled
 Parallel Workers: 8
 Concurrent Workers: 2
 Concurrent Refinement Workers: 8
 Periodic GC: Disabled

Heap:
 garbage-first heap   total 260096K, used 42870K [0x0000000702200000, 0x0000000800000000)
  region size 2048K, 21 young (43008K), 1 survivors (2048K)
 Metaspace       used 20311K, committed 20608K, reserved 1114112K
  class space    used 2331K, committed 2496K, reserved 1048576K

Heap Regions: E=young(eden), S=young(survivor), O=old, HS=humongous(starts), HC=humongous(continues), CS=collection set, F=free, TAMS=top-at-mark-start, PB=parsable bottom
|   0|0x0000000702200000, 0x0000000702400000, 0x0000000702400000|100%|HS|  |TAMS 0x0000000702200000| PB 0x0000000702200000| Complete 
|   1|0x0000000702400000, 0x0000000702600000, 0x0000000702600000|100%|HC|  |TAMS 0x0000000702400000| PB 0x0000000702400000| Complete 
|   2|0x0000000702600000, 0x0000000702600000, 0x0000000702800000|  0%| F|  |TAMS 0x0000000702600000| PB 0x0000000702600000| Untracked 
|   3|0x0000000702800000, 0x0000000702800000, 0x0000000702a00000|  0%| F|  |TAMS 0x0000000702800000| PB 0x0000000702800000| Untracked 
|   4|0x0000000702a00000, 0x0000000702a00000, 0x0000000702c00000|  0%| F|  |TAMS 0x0000000702a00000| PB 0x0000000702a00000| Untracked 
|   5|0x0000000702c00000, 0x0000000702c00000, 0x0000000702e00000|  0%| F|  |TAMS 0x0000000702c00000| PB 0x0000000702c00000| Untracked 
|   6|0x0000000702e00000, 0x0000000702e00000, 0x0000000703000000|  0%| F|  |TAMS 0x0000000702e00000| PB 0x0000000702e00000| Untracked 
|   7|0x0000000703000000, 0x0000000703000000, 0x0000000703200000|  0%| F|  |TAMS 0x0000000703000000| PB 0x0000000703000000| Untracked 
|   8|0x0000000703200000, 0x0000000703200000, 0x0000000703400000|  0%| F|  |TAMS 0x0000000703200000| PB 0x0000000703200000| Untracked 
|   9|0x0000000703400000, 0x0000000703400000, 0x0000000703600000|  0%| F|  |TAMS 0x0000000703400000| PB 0x0000000703400000| Untracked 
|  10|0x0000000703600000, 0x0000000703600000, 0x0000000703800000|  0%| F|  |TAMS 0x0000000703600000| PB 0x0000000703600000| Untracked 
|  11|0x0000000703800000, 0x0000000703800000, 0x0000000703a00000|  0%| F|  |TAMS 0x0000000703800000| PB 0x0000000703800000| Untracked 
|  12|0x0000000703a00000, 0x0000000703a00000, 0x0000000703c00000|  0%| F|  |TAMS 0x0000000703a00000| PB 0x0000000703a00000| Untracked 
|  13|0x0000000703c00000, 0x0000000703c00000, 0x0000000703e00000|  0%| F|  |TAMS 0x0000000703c00000| PB 0x0000000703c00000| Untracked 
|  14|0x0000000703e00000, 0x0000000703e00000, 0x0000000704000000|  0%| F|  |TAMS 0x0000000703e00000| PB 0x0000000703e00000| Untracked 
|  15|0x0000000704000000, 0x0000000704000000, 0x0000000704200000|  0%| F|  |TAMS 0x0000000704000000| PB 0x0000000704000000| Untracked 
|  16|0x0000000704200000, 0x0000000704200000, 0x0000000704400000|  0%| F|  |TAMS 0x0000000704200000| PB 0x0000000704200000| Untracked 
|  17|0x0000000704400000, 0x0000000704400000, 0x0000000704600000|  0%| F|  |TAMS 0x0000000704400000| PB 0x0000000704400000| Untracked 
|  18|0x0000000704600000, 0x0000000704600000, 0x0000000704800000|  0%| F|  |TAMS 0x0000000704600000| PB 0x0000000704600000| Untracked 
|  19|0x0000000704800000, 0x0000000704800000, 0x0000000704a00000|  0%| F|  |TAMS 0x0000000704800000| PB 0x0000000704800000| Untracked 
|  20|0x0000000704a00000, 0x0000000704a00000, 0x0000000704c00000|  0%| F|  |TAMS 0x0000000704a00000| PB 0x0000000704a00000| Untracked 
|  21|0x0000000704c00000, 0x0000000704c00000, 0x0000000704e00000|  0%| F|  |TAMS 0x0000000704c00000| PB 0x0000000704c00000| Untracked 
|  22|0x0000000704e00000, 0x0000000704e00000, 0x0000000705000000|  0%| F|  |TAMS 0x0000000704e00000| PB 0x0000000704e00000| Untracked 
|  23|0x0000000705000000, 0x0000000705000000, 0x0000000705200000|  0%| F|  |TAMS 0x0000000705000000| PB 0x0000000705000000| Untracked 
|  24|0x0000000705200000, 0x0000000705200000, 0x0000000705400000|  0%| F|  |TAMS 0x0000000705200000| PB 0x0000000705200000| Untracked 
|  25|0x0000000705400000, 0x0000000705400000, 0x0000000705600000|  0%| F|  |TAMS 0x0000000705400000| PB 0x0000000705400000| Untracked 
|  26|0x0000000705600000, 0x0000000705600000, 0x0000000705800000|  0%| F|  |TAMS 0x0000000705600000| PB 0x0000000705600000| Untracked 
|  27|0x0000000705800000, 0x0000000705800000, 0x0000000705a00000|  0%| F|  |TAMS 0x0000000705800000| PB 0x0000000705800000| Untracked 
|  28|0x0000000705a00000, 0x0000000705a00000, 0x0000000705c00000|  0%| F|  |TAMS 0x0000000705a00000| PB 0x0000000705a00000| Untracked 
|  29|0x0000000705c00000, 0x0000000705c00000, 0x0000000705e00000|  0%| F|  |TAMS 0x0000000705c00000| PB 0x0000000705c00000| Untracked 
|  30|0x0000000705e00000, 0x0000000705e00000, 0x0000000706000000|  0%| F|  |TAMS 0x0000000705e00000| PB 0x0000000705e00000| Untracked 
|  31|0x0000000706000000, 0x0000000706000000, 0x0000000706200000|  0%| F|  |TAMS 0x0000000706000000| PB 0x0000000706000000| Untracked 
|  32|0x0000000706200000, 0x0000000706200000, 0x0000000706400000|  0%| F|  |TAMS 0x0000000706200000| PB 0x0000000706200000| Untracked 
|  33|0x0000000706400000, 0x0000000706400000, 0x0000000706600000|  0%| F|  |TAMS 0x0000000706400000| PB 0x0000000706400000| Untracked 
|  34|0x0000000706600000, 0x0000000706600000, 0x0000000706800000|  0%| F|  |TAMS 0x0000000706600000| PB 0x0000000706600000| Untracked 
|  35|0x0000000706800000, 0x0000000706800000, 0x0000000706a00000|  0%| F|  |TAMS 0x0000000706800000| PB 0x0000000706800000| Untracked 
|  36|0x0000000706a00000, 0x0000000706a00000, 0x0000000706c00000|  0%| F|  |TAMS 0x0000000706a00000| PB 0x0000000706a00000| Untracked 
|  37|0x0000000706c00000, 0x0000000706c00000, 0x0000000706e00000|  0%| F|  |TAMS 0x0000000706c00000| PB 0x0000000706c00000| Untracked 
|  38|0x0000000706e00000, 0x0000000706e00000, 0x0000000707000000|  0%| F|  |TAMS 0x0000000706e00000| PB 0x0000000706e00000| Untracked 
|  39|0x0000000707000000, 0x0000000707000000, 0x0000000707200000|  0%| F|  |TAMS 0x0000000707000000| PB 0x0000000707000000| Untracked 
|  40|0x0000000707200000, 0x0000000707200000, 0x0000000707400000|  0%| F|  |TAMS 0x0000000707200000| PB 0x0000000707200000| Untracked 
|  41|0x0000000707400000, 0x0000000707400000, 0x0000000707600000|  0%| F|  |TAMS 0x0000000707400000| PB 0x0000000707400000| Untracked 
|  42|0x0000000707600000, 0x0000000707600000, 0x0000000707800000|  0%| F|  |TAMS 0x0000000707600000| PB 0x0000000707600000| Untracked 
|  43|0x0000000707800000, 0x0000000707800000, 0x0000000707a00000|  0%| F|  |TAMS 0x0000000707800000| PB 0x0000000707800000| Untracked 
|  44|0x0000000707a00000, 0x0000000707a00000, 0x0000000707c00000|  0%| F|  |TAMS 0x0000000707a00000| PB 0x0000000707a00000| Untracked 
|  45|0x0000000707c00000, 0x0000000707c00000, 0x0000000707e00000|  0%| F|  |TAMS 0x0000000707c00000| PB 0x0000000707c00000| Untracked 
|  46|0x0000000707e00000, 0x0000000707e00000, 0x0000000708000000|  0%| F|  |TAMS 0x0000000707e00000| PB 0x0000000707e00000| Untracked 
|  47|0x0000000708000000, 0x0000000708000000, 0x0000000708200000|  0%| F|  |TAMS 0x0000000708000000| PB 0x0000000708000000| Untracked 
|  48|0x0000000708200000, 0x0000000708200000, 0x0000000708400000|  0%| F|  |TAMS 0x0000000708200000| PB 0x0000000708200000| Untracked 
|  49|0x0000000708400000, 0x0000000708400000, 0x0000000708600000|  0%| F|  |TAMS 0x0000000708400000| PB 0x0000000708400000| Untracked 
|  50|0x0000000708600000, 0x0000000708600000, 0x0000000708800000|  0%| F|  |TAMS 0x0000000708600000| PB 0x0000000708600000| Untracked 
|  51|0x0000000708800000, 0x0000000708800000, 0x0000000708a00000|  0%| F|  |TAMS 0x0000000708800000| PB 0x0000000708800000| Untracked 
|  52|0x0000000708a00000, 0x0000000708a00000, 0x0000000708c00000|  0%| F|  |TAMS 0x0000000708a00000| PB 0x0000000708a00000| Untracked 
|  53|0x0000000708c00000, 0x0000000708c00000, 0x0000000708e00000|  0%| F|  |TAMS 0x0000000708c00000| PB 0x0000000708c00000| Untracked 
|  54|0x0000000708e00000, 0x0000000708e00000, 0x0000000709000000|  0%| F|  |TAMS 0x0000000708e00000| PB 0x0000000708e00000| Untracked 
|  55|0x0000000709000000, 0x0000000709000000, 0x0000000709200000|  0%| F|  |TAMS 0x0000000709000000| PB 0x0000000709000000| Untracked 
|  56|0x0000000709200000, 0x0000000709200000, 0x0000000709400000|  0%| F|  |TAMS 0x0000000709200000| PB 0x0000000709200000| Untracked 
|  57|0x0000000709400000, 0x0000000709400000, 0x0000000709600000|  0%| F|  |TAMS 0x0000000709400000| PB 0x0000000709400000| Untracked 
|  58|0x0000000709600000, 0x0000000709600000, 0x0000000709800000|  0%| F|  |TAMS 0x0000000709600000| PB 0x0000000709600000| Untracked 
|  59|0x0000000709800000, 0x0000000709800000, 0x0000000709a00000|  0%| F|  |TAMS 0x0000000709800000| PB 0x0000000709800000| Untracked 
|  60|0x0000000709a00000, 0x0000000709a00000, 0x0000000709c00000|  0%| F|  |TAMS 0x0000000709a00000| PB 0x0000000709a00000| Untracked 
|  61|0x0000000709c00000, 0x0000000709c00000, 0x0000000709e00000|  0%| F|  |TAMS 0x0000000709c00000| PB 0x0000000709c00000| Untracked 
|  62|0x0000000709e00000, 0x0000000709e00000, 0x000000070a000000|  0%| F|  |TAMS 0x0000000709e00000| PB 0x0000000709e00000| Untracked 
|  63|0x000000070a000000, 0x000000070a000000, 0x000000070a200000|  0%| F|  |TAMS 0x000000070a000000| PB 0x000000070a000000| Untracked 
|  64|0x000000070a200000, 0x000000070a200000, 0x000000070a400000|  0%| F|  |TAMS 0x000000070a200000| PB 0x000000070a200000| Untracked 
|  65|0x000000070a400000, 0x000000070a400000, 0x000000070a600000|  0%| F|  |TAMS 0x000000070a400000| PB 0x000000070a400000| Untracked 
|  66|0x000000070a600000, 0x000000070a600000, 0x000000070a800000|  0%| F|  |TAMS 0x000000070a600000| PB 0x000000070a600000| Untracked 
|  67|0x000000070a800000, 0x000000070a800000, 0x000000070aa00000|  0%| F|  |TAMS 0x000000070a800000| PB 0x000000070a800000| Untracked 
|  68|0x000000070aa00000, 0x000000070aa00000, 0x000000070ac00000|  0%| F|  |TAMS 0x000000070aa00000| PB 0x000000070aa00000| Untracked 
|  69|0x000000070ac00000, 0x000000070ac00000, 0x000000070ae00000|  0%| F|  |TAMS 0x000000070ac00000| PB 0x000000070ac00000| Untracked 
|  70|0x000000070ae00000, 0x000000070ae00000, 0x000000070b000000|  0%| F|  |TAMS 0x000000070ae00000| PB 0x000000070ae00000| Untracked 
|  71|0x000000070b000000, 0x000000070b000000, 0x000000070b200000|  0%| F|  |TAMS 0x000000070b000000| PB 0x000000070b000000| Untracked 
|  72|0x000000070b200000, 0x000000070b200000, 0x000000070b400000|  0%| F|  |TAMS 0x000000070b200000| PB 0x000000070b200000| Untracked 
|  73|0x000000070b400000, 0x000000070b400000, 0x000000070b600000|  0%| F|  |TAMS 0x000000070b400000| PB 0x000000070b400000| Untracked 
|  74|0x000000070b600000, 0x000000070b600000, 0x000000070b800000|  0%| F|  |TAMS 0x000000070b600000| PB 0x000000070b600000| Untracked 
|  75|0x000000070b800000, 0x000000070b800000, 0x000000070ba00000|  0%| F|  |TAMS 0x000000070b800000| PB 0x000000070b800000| Untracked 
|  76|0x000000070ba00000, 0x000000070ba00000, 0x000000070bc00000|  0%| F|  |TAMS 0x000000070ba00000| PB 0x000000070ba00000| Untracked 
|  77|0x000000070bc00000, 0x000000070bc00000, 0x000000070be00000|  0%| F|  |TAMS 0x000000070bc00000| PB 0x000000070bc00000| Untracked 
|  78|0x000000070be00000, 0x000000070be00000, 0x000000070c000000|  0%| F|  |TAMS 0x000000070be00000| PB 0x000000070be00000| Untracked 
|  79|0x000000070c000000, 0x000000070c000000, 0x000000070c200000|  0%| F|  |TAMS 0x000000070c000000| PB 0x000000070c000000| Untracked 
|  80|0x000000070c200000, 0x000000070c200000, 0x000000070c400000|  0%| F|  |TAMS 0x000000070c200000| PB 0x000000070c200000| Untracked 
|  81|0x000000070c400000, 0x000000070c400000, 0x000000070c600000|  0%| F|  |TAMS 0x000000070c400000| PB 0x000000070c400000| Untracked 
|  82|0x000000070c600000, 0x000000070c600000, 0x000000070c800000|  0%| F|  |TAMS 0x000000070c600000| PB 0x000000070c600000| Untracked 
|  83|0x000000070c800000, 0x000000070c800000, 0x000000070ca00000|  0%| F|  |TAMS 0x000000070c800000| PB 0x000000070c800000| Untracked 
|  84|0x000000070ca00000, 0x000000070ca00000, 0x000000070cc00000|  0%| F|  |TAMS 0x000000070ca00000| PB 0x000000070ca00000| Untracked 
|  85|0x000000070cc00000, 0x000000070cc00000, 0x000000070ce00000|  0%| F|  |TAMS 0x000000070cc00000| PB 0x000000070cc00000| Untracked 
|  86|0x000000070ce00000, 0x000000070ce00000, 0x000000070d000000|  0%| F|  |TAMS 0x000000070ce00000| PB 0x000000070ce00000| Untracked 
|  87|0x000000070d000000, 0x000000070d000000, 0x000000070d200000|  0%| F|  |TAMS 0x000000070d000000| PB 0x000000070d000000| Untracked 
|  88|0x000000070d200000, 0x000000070d200000, 0x000000070d400000|  0%| F|  |TAMS 0x000000070d200000| PB 0x000000070d200000| Untracked 
|  89|0x000000070d400000, 0x000000070d400000, 0x000000070d600000|  0%| F|  |TAMS 0x000000070d400000| PB 0x000000070d400000| Untracked 
|  90|0x000000070d600000, 0x000000070d600000, 0x000000070d800000|  0%| F|  |TAMS 0x000000070d600000| PB 0x000000070d600000| Untracked 
|  91|0x000000070d800000, 0x000000070d800000, 0x000000070da00000|  0%| F|  |TAMS 0x000000070d800000| PB 0x000000070d800000| Untracked 
|  92|0x000000070da00000, 0x000000070da00000, 0x000000070dc00000|  0%| F|  |TAMS 0x000000070da00000| PB 0x000000070da00000| Untracked 
|  93|0x000000070dc00000, 0x000000070dc00000, 0x000000070de00000|  0%| F|  |TAMS 0x000000070dc00000| PB 0x000000070dc00000| Untracked 
|  94|0x000000070de00000, 0x000000070de00000, 0x000000070e000000|  0%| F|  |TAMS 0x000000070de00000| PB 0x000000070de00000| Untracked 
|  95|0x000000070e000000, 0x000000070e000000, 0x000000070e200000|  0%| F|  |TAMS 0x000000070e000000| PB 0x000000070e000000| Untracked 
|  96|0x000000070e200000, 0x000000070e200000, 0x000000070e400000|  0%| F|  |TAMS 0x000000070e200000| PB 0x000000070e200000| Untracked 
|  97|0x000000070e400000, 0x000000070e400000, 0x000000070e600000|  0%| F|  |TAMS 0x000000070e400000| PB 0x000000070e400000| Untracked 
|  98|0x000000070e600000, 0x000000070e600000, 0x000000070e800000|  0%| F|  |TAMS 0x000000070e600000| PB 0x000000070e600000| Untracked 
|  99|0x000000070e800000, 0x000000070e800000, 0x000000070ea00000|  0%| F|  |TAMS 0x000000070e800000| PB 0x000000070e800000| Untracked 
| 100|0x000000070ea00000, 0x000000070ea00000, 0x000000070ec00000|  0%| F|  |TAMS 0x000000070ea00000| PB 0x000000070ea00000| Untracked 
| 101|0x000000070ec00000, 0x000000070ec00000, 0x000000070ee00000|  0%| F|  |TAMS 0x000000070ec00000| PB 0x000000070ec00000| Untracked 
| 102|0x000000070ee00000, 0x000000070ee00000, 0x000000070f000000|  0%| F|  |TAMS 0x000000070ee00000| PB 0x000000070ee00000| Untracked 
| 103|0x000000070f000000, 0x000000070f000000, 0x000000070f200000|  0%| F|  |TAMS 0x000000070f000000| PB 0x000000070f000000| Untracked 
| 104|0x000000070f200000, 0x000000070f200000, 0x000000070f400000|  0%| F|  |TAMS 0x000000070f200000| PB 0x000000070f200000| Untracked 
| 105|0x000000070f400000, 0x000000070f400000, 0x000000070f600000|  0%| F|  |TAMS 0x000000070f400000| PB 0x000000070f400000| Untracked 
| 106|0x000000070f600000, 0x000000070f78f4c8, 0x000000070f800000| 77%| E|  |TAMS 0x000000070f600000| PB 0x000000070f600000| Complete 
| 107|0x000000070f800000, 0x000000070fa00000, 0x000000070fa00000|100%| E|CS|TAMS 0x000000070f800000| PB 0x000000070f800000| Complete 
| 108|0x000000070fa00000, 0x000000070fc00000, 0x000000070fc00000|100%| E|CS|TAMS 0x000000070fa00000| PB 0x000000070fa00000| Complete 
| 109|0x000000070fc00000, 0x000000070fe00000, 0x000000070fe00000|100%| E|CS|TAMS 0x000000070fc00000| PB 0x000000070fc00000| Complete 
| 110|0x000000070fe00000, 0x0000000710000000, 0x0000000710000000|100%| E|CS|TAMS 0x000000070fe00000| PB 0x000000070fe00000| Complete 
| 111|0x0000000710000000, 0x0000000710200000, 0x0000000710200000|100%| E|CS|TAMS 0x0000000710000000| PB 0x0000000710000000| Complete 
| 112|0x0000000710200000, 0x0000000710400000, 0x0000000710400000|100%| E|CS|TAMS 0x0000000710200000| PB 0x0000000710200000| Complete 
| 113|0x0000000710400000, 0x0000000710600000, 0x0000000710600000|100%| E|CS|TAMS 0x0000000710400000| PB 0x0000000710400000| Complete 
| 114|0x0000000710600000, 0x0000000710800000, 0x0000000710800000|100%| E|CS|TAMS 0x0000000710600000| PB 0x0000000710600000| Complete 
| 115|0x0000000710800000, 0x00000007109ddaa0, 0x0000000710a00000| 93%| S|CS|TAMS 0x0000000710800000| PB 0x0000000710800000| Complete 
| 116|0x0000000710a00000, 0x0000000710c00000, 0x0000000710c00000|100%| E|CS|TAMS 0x0000000710a00000| PB 0x0000000710a00000| Complete 
| 117|0x0000000710c00000, 0x0000000710e00000, 0x0000000710e00000|100%| E|CS|TAMS 0x0000000710c00000| PB 0x0000000710c00000| Complete 
| 118|0x0000000710e00000, 0x0000000711000000, 0x0000000711000000|100%| E|CS|TAMS 0x0000000710e00000| PB 0x0000000710e00000| Complete 
| 119|0x0000000711000000, 0x0000000711200000, 0x0000000711200000|100%| E|CS|TAMS 0x0000000711000000| PB 0x0000000711000000| Complete 
| 120|0x0000000711200000, 0x0000000711400000, 0x0000000711400000|100%| E|CS|TAMS 0x0000000711200000| PB 0x0000000711200000| Complete 
| 121|0x0000000711400000, 0x0000000711600000, 0x0000000711600000|100%| E|CS|TAMS 0x0000000711400000| PB 0x0000000711400000| Complete 
| 122|0x0000000711600000, 0x0000000711800000, 0x0000000711800000|100%| E|CS|TAMS 0x0000000711600000| PB 0x0000000711600000| Complete 
| 123|0x0000000711800000, 0x0000000711a00000, 0x0000000711a00000|100%| E|CS|TAMS 0x0000000711800000| PB 0x0000000711800000| Complete 
| 124|0x0000000711a00000, 0x0000000711c00000, 0x0000000711c00000|100%| E|CS|TAMS 0x0000000711a00000| PB 0x0000000711a00000| Complete 
| 125|0x0000000711c00000, 0x0000000711e00000, 0x0000000711e00000|100%| E|  |TAMS 0x0000000711c00000| PB 0x0000000711c00000| Complete 
| 126|0x0000000711e00000, 0x0000000712000000, 0x0000000712000000|100%| E|CS|TAMS 0x0000000711e00000| PB 0x0000000711e00000| Complete 

Card table byte_map: [0x0000022900000000,0x00000229007f0000] _byte_map_base: 0x00000228fc7ef000

Marking Bits: (CMBitMap*) 0x000002296b102d60
 Bits: [0x00000229007f0000, 0x0000022904768000)

Polling page: 0x000002296b160000

Metaspace:

Usage:
  Non-class:     17.56 MB used.
      Class:      2.28 MB used.
       Both:     19.84 MB used.

Virtual space:
  Non-class space:       64.00 MB reserved,      17.69 MB ( 28%) committed,  1 nodes.
      Class space:        1.00 GB reserved,       2.44 MB ( <1%) committed,  1 nodes.
             Both:        1.06 GB reserved,      20.12 MB (  2%) committed. 

Chunk freelists:
   Non-Class:  13.89 MB
       Class:  13.58 MB
        Both:  27.47 MB

MaxMetaspaceSize: unlimited
CompressedClassSpaceSize: 1.00 GB
Initial GC threshold: 21.00 MB
Current GC threshold: 21.00 MB
CDS: off
 - commit_granule_bytes: 65536.
 - commit_granule_words: 8192.
 - virtual_space_node_default_size: 8388608.
 - enlarge_chunks_in_place: 1.
 - use_allocation_guard: 0.


Internal statistics:

num_allocs_failed_limit: 0.
num_arena_births: 238.
num_arena_deaths: 0.
num_vsnodes_births: 2.
num_vsnodes_deaths: 0.
num_space_committed: 322.
num_space_uncommitted: 0.
num_chunks_returned_to_freelist: 0.
num_chunks_taken_from_freelist: 557.
num_chunk_merges: 0.
num_chunk_splits: 364.
num_chunks_enlarged: 271.
num_inconsistent_stats: 0.

CodeHeap 'non-profiled nmethods': size=120000Kb used=850Kb max_used=850Kb free=119149Kb
 bounds [0x0000022977610000, 0x0000022977880000, 0x000002297eb40000]
CodeHeap 'profiled nmethods': size=120000Kb used=3507Kb max_used=3507Kb free=116492Kb
 bounds [0x000002296fb40000, 0x000002296feb0000, 0x0000022977070000]
CodeHeap 'non-nmethods': size=5760Kb used=1394Kb max_used=1416Kb free=4365Kb
 bounds [0x0000022977070000, 0x00000229772e0000, 0x0000022977610000]
 total_blobs=2379 nmethods=1868 adapters=416
 compilation: enabled
              stopped_count=0, restarted_count=0
 full_count=0

Compilation events (20 events):
Event: 8.293 Thread 0x00000229072ca0c0 nmethod 1857 0x000002296fea5590 code [0x000002296fea57c0, 0x000002296fea5e08]
Event: 8.295 Thread 0x00000229072ca0c0 1858       3       com.esotericsoftware.kryo.io.Output::require (209 bytes)
Event: 8.296 Thread 0x00000229072ca0c0 nmethod 1858 0x000002296fea6010 code [0x000002296fea6380, 0x000002296fea75a8]
Event: 8.296 Thread 0x00000229072ca0c0 1860       3       org.gradle.internal.serialize.kryo.KryoBackedEncoder::writeString (23 bytes)
Event: 8.296 Thread 0x00000229072ca0c0 nmethod 1860 0x000002296fea7c10 code [0x000002296fea7de0, 0x000002296fea8040]
Event: 8.296 Thread 0x00000229072ca0c0 1859       3       com.esotericsoftware.kryo.io.Output::writeUtf8Length (405 bytes)
Event: 8.297 Thread 0x00000229072ca0c0 nmethod 1859 0x000002296fea8190 code [0x000002296fea83e0, 0x000002296fea8ba0]
Event: 8.387 Thread 0x00000229072ca0c0 1861       3       java.lang.invoke.DirectMethodHandle::make (275 bytes)
Event: 8.389 Thread 0x00000229072ca0c0 nmethod 1861 0x000002296fea8f10 code [0x000002296fea92c0, 0x000002296feaa6d0]
Event: 8.389 Thread 0x00000229072ca0c0 1862       3       java.lang.invoke.MemberName::isField (8 bytes)
Event: 8.389 Thread 0x00000229072ca0c0 nmethod 1862 0x000002296feaae90 code [0x000002296feab040, 0x000002296feab208]
Event: 8.389 Thread 0x00000229072ca0c0 1863       3       jdk.internal.org.objectweb.asm.ClassWriter::visitField (53 bytes)
Event: 8.389 Thread 0x00000229072ca0c0 nmethod 1863 0x000002296feab290 code [0x000002296feab460, 0x000002296feab7d8]
Event: 9.086 Thread 0x00000229072ca0c0 1864       3       java.util.concurrent.locks.ReentrantLock$Sync::isHeldExclusively (16 bytes)
Event: 9.087 Thread 0x00000229072ca0c0 nmethod 1864 0x000002296feab910 code [0x000002296feabac0, 0x000002296feabc58]
Event: 10.170 Thread 0x00000229072ca0c0 1865       3       java.util.concurrent.ThreadPoolExecutor::isShutdown (12 bytes)
Event: 10.171 Thread 0x00000229072ca0c0 nmethod 1865 0x000002296feabd10 code [0x000002296feabec0, 0x000002296feac0a0]
Event: 10.171 Thread 0x00000229072ca0c0 1866       3       java.util.concurrent.ScheduledThreadPoolExecutor::canRunInCurrentRunState (61 bytes)
Event: 10.171 Thread 0x00000229072ca0c0 nmethod 1866 0x000002296feac190 code [0x000002296feac3a0, 0x000002296feacb58]
Event: 12.969 Thread 0x00000229072ca0c0 1867       3       java.lang.invoke.VarHandleGuards::guard_LLL_Z (86 bytes)

GC Heap History (2 events):
Event: 0.767 GC heap before
{Heap before GC invocations=0 (full 0):
 garbage-first heap   total 260096K, used 22528K [0x0000000702200000, 0x0000000800000000)
  region size 2048K, 11 young (22528K), 0 survivors (0K)
 Metaspace       used 8646K, committed 8896K, reserved 1114112K
  class space    used 777K, committed 896K, reserved 1048576K
}
Event: 0.795 GC heap after
{Heap after GC invocations=1 (full 0):
 garbage-first heap   total 260096K, used 1910K [0x0000000702200000, 0x0000000800000000)
  region size 2048K, 1 young (2048K), 1 survivors (2048K)
 Metaspace       used 8646K, committed 8896K, reserved 1114112K
  class space    used 777K, committed 896K, reserved 1048576K
}

Dll operation events (3 events):
Event: 0.022 Loaded shared library C:\Program Files\Android\Android Studio\jbr\bin\java.dll
Event: 0.033 Loaded shared library C:\Program Files\Android\Android Studio\jbr\bin\zip.dll
Event: 0.203 Loaded shared library C:\Program Files\Android\Android Studio\jbr\bin\verify.dll

Deoptimization events (20 events):
Event: 8.102 Thread 0x000002296b09f4c0 DEOPT PACKING pc=0x000002296fe5f6f7 sp=0x0000007bbacfbf40
Event: 8.102 Thread 0x000002296b09f4c0 DEOPT UNPACKING pc=0x00000229770c4e42 sp=0x0000007bbacfb428 mode 0
Event: 8.189 Thread 0x000002296b09f4c0 Uncommon trap: trap_request=0xffffffde fr.pc=0x00000229776b4410 relative=0x0000000000000930
Event: 8.189 Thread 0x000002296b09f4c0 Uncommon trap: reason=class_check action=maybe_recompile pc=0x00000229776b4410 method=java.util.HashMap.putVal(ILjava/lang/Object;Ljava/lang/Object;ZZ)Ljava/lang/Object; @ 203 c2
Event: 8.189 Thread 0x000002296b09f4c0 DEOPT PACKING pc=0x00000229776b4410 sp=0x0000007bbacfb700
Event: 8.189 Thread 0x000002296b09f4c0 DEOPT UNPACKING pc=0x00000229770c46a2 sp=0x0000007bbacfb628 mode 2
Event: 8.190 Thread 0x000002296b09f4c0 Uncommon trap: trap_request=0xffffffde fr.pc=0x00000229776b4410 relative=0x0000000000000930
Event: 8.190 Thread 0x000002296b09f4c0 Uncommon trap: reason=class_check action=maybe_recompile pc=0x00000229776b4410 method=java.util.HashMap.putVal(ILjava/lang/Object;Ljava/lang/Object;ZZ)Ljava/lang/Object; @ 203 c2
Event: 8.190 Thread 0x000002296b09f4c0 DEOPT PACKING pc=0x00000229776b4410 sp=0x0000007bbacfb700
Event: 8.190 Thread 0x000002296b09f4c0 DEOPT UNPACKING pc=0x00000229770c46a2 sp=0x0000007bbacfb628 mode 2
Event: 8.191 Thread 0x000002296b09f4c0 Uncommon trap: trap_request=0xffffffde fr.pc=0x0000022977687db4 relative=0x00000000000008f4
Event: 8.191 Thread 0x000002296b09f4c0 Uncommon trap: reason=class_check action=maybe_recompile pc=0x0000022977687db4 method=java.util.HashMap.putVal(ILjava/lang/Object;Ljava/lang/Object;ZZ)Ljava/lang/Object; @ 203 c2
Event: 8.191 Thread 0x000002296b09f4c0 DEOPT PACKING pc=0x0000022977687db4 sp=0x0000007bbacfb670
Event: 8.191 Thread 0x000002296b09f4c0 DEOPT UNPACKING pc=0x00000229770c46a2 sp=0x0000007bbacfb630 mode 2
Event: 8.203 Thread 0x000002296b09f4c0 DEOPT PACKING pc=0x000002296fe315ba sp=0x0000007bbacfcb50
Event: 8.203 Thread 0x000002296b09f4c0 DEOPT UNPACKING pc=0x00000229770c4e42 sp=0x0000007bbacfc010 mode 0
Event: 8.235 Thread 0x000002296b09f4c0 Uncommon trap: trap_request=0xffffff45 fr.pc=0x00000229776907a8 relative=0x0000000000000628
Event: 8.235 Thread 0x000002296b09f4c0 Uncommon trap: reason=unstable_if action=reinterpret pc=0x00000229776907a8 method=java.lang.Integer.getChars(II[B)I @ 25 c2
Event: 8.235 Thread 0x000002296b09f4c0 DEOPT PACKING pc=0x00000229776907a8 sp=0x0000007bbacfdb50
Event: 8.235 Thread 0x000002296b09f4c0 DEOPT UNPACKING pc=0x00000229770c46a2 sp=0x0000007bbacfdaa8 mode 2

Classes loaded (20 events):
Event: 8.240 Loading class sun/nio/ch/SinkChannelImpl
Event: 8.241 Loading class java/nio/channels/Pipe$SinkChannel
Event: 8.241 Loading class java/nio/channels/Pipe$SinkChannel done
Event: 8.241 Loading class sun/nio/ch/SinkChannelImpl done
Event: 8.242 Loading class sun/nio/ch/SelectionKeyImpl
Event: 8.242 Loading class java/nio/channels/spi/AbstractSelectionKey
Event: 8.243 Loading class java/nio/channels/SelectionKey
Event: 8.243 Loading class java/nio/channels/SelectionKey done
Event: 8.243 Loading class java/nio/channels/spi/AbstractSelectionKey done
Event: 8.243 Loading class sun/nio/ch/SelectionKeyImpl done
Event: 8.243 Loading class java/lang/invoke/ConstantBootstraps
Event: 8.243 Loading class java/lang/invoke/ConstantBootstraps done
Event: 8.250 Loading class java/lang/Long$LongCache
Event: 8.250 Loading class java/lang/Long$LongCache done
Event: 8.295 Loading class java/nio/channels/spi/AbstractSelector$1
Event: 8.295 Loading class java/nio/channels/spi/AbstractSelector$1 done
Event: 8.387 Loading class java/util/concurrent/Executors$AutoShutdownDelegatedExecutorService
Event: 8.388 Loading class java/util/concurrent/Executors$AutoShutdownDelegatedExecutorService done
Event: 8.389 Loading class java/io/BufferedReader
Event: 8.389 Loading class java/io/BufferedReader done

Classes unloaded (0 events):
No events

Classes redefined (0 events):
No events

Internal exceptions (19 events):
Event: 0.384 Thread 0x000002296b09f4c0 Exception <a 'java/lang/NoSuchMethodError'{0x0000000711d84030}: 'void java.lang.invoke.DirectMethodHandle$Holder.invokeSpecial(java.lang.Object, java.lang.Object, java.lang.Object)'> (0x0000000711d84030) 
thrown [s\src\hotspot\share\interpreter\linkResolver.cpp, line 784]
Event: 0.453 Thread 0x000002296b09f4c0 Exception <a 'java/lang/NoSuchMethodError'{0x0000000711ac3ec0}: 'int java.lang.invoke.DirectMethodHandle$Holder.invokeSpecial(java.lang.Object, java.lang.Object, java.lang.Object, java.lang.Object)'> (0x0000000711ac3ec0) 
thrown [s\src\hotspot\share\interpreter\linkResolver.cpp, line 784]
Event: 1.196 Thread 0x000002296b09f4c0 Exception <a 'java/lang/NoSuchMethodError'{0x00000007116436d8}: 'java.lang.Object java.lang.invoke.DirectMethodHandle$Holder.invokeVirtual(java.lang.Object, java.lang.Object, java.lang.Object)'> (0x00000007116436d8) 
thrown [s\src\hotspot\share\interpreter\linkResolver.cpp, line 784]
Event: 1.523 Thread 0x000002296b09f4c0 Implicit null exception at 0x0000022977685142 to 0x00000229776853d8
Event: 1.523 Thread 0x000002296b09f4c0 Implicit null exception at 0x0000022977646540 to 0x00000229776465c5
Event: 1.534 Thread 0x000002296b09f4c0 Exception <a 'java/lang/NoSuchMethodError'{0x0000000711101908}: 'void java.lang.invoke.DirectMethodHandle$Holder.invokeInterface(java.lang.Object, java.lang.Object, java.lang.Object)'> (0x0000000711101908) 
thrown [s\src\hotspot\share\interpreter\linkResolver.cpp, line 784]
Event: 1.548 Thread 0x000002296b09f4c0 Exception <a 'java/lang/NoClassDefFoundError'{0x00000007111517f0}: org/slf4j/impl/StaticMarkerBinder> (0x00000007111517f0) 
thrown [s\src\hotspot\share\classfile\systemDictionary.cpp, line 301]
Event: 1.721 Thread 0x000002296b09f4c0 Exception <a 'java/lang/NoSuchMethodError'{0x0000000710ce58d0}: 'java.lang.Object java.lang.invoke.DirectMethodHandle$Holder.newInvokeSpecial(java.lang.Object, java.lang.Object, java.lang.Object, java.lang.Object, java.lang.Object)'> (0x0000000710ce58d0) 
thrown [s\src\hotspot\share\interpreter\linkResolver.cpp, line 784]
Event: 1.736 Thread 0x000002296b09f4c0 Exception <a 'java/lang/NoSuchMethodError'{0x0000000710d2e1e0}: 'java.lang.Object java.lang.invoke.Invokers$Holder.invokeExact_MT(java.lang.Object, java.lang.Object, java.lang.Object, java.lang.Object, java.lang.Object)'> (0x0000000710d2e1e0) 
thrown [s\src\hotspot\share\interpreter\linkResolver.cpp, line 784]
Event: 1.746 Thread 0x000002296b09f4c0 Exception <a 'java/lang/NoSuchMethodError'{0x0000000710d5a998}: 'java.lang.Object java.lang.invoke.DirectMethodHandle$Holder.invokeVirtual(java.lang.Object, java.lang.Object, java.lang.Object, java.lang.Object, java.lang.Object, java.lang.Object, java.lang.Object)'> (0x0000000710d5a998) 
thrown [s\src\hotspot\share\interpreter\linkResolver.cpp, line 784]
Event: 1.765 Thread 0x000002296b09f4c0 Exception <a 'java/lang/NoSuchMethodError'{0x0000000710d98e70}: 'java.lang.Object java.lang.invoke.DirectMethodHandle$Holder.invokeVirtual(java.lang.Object, java.lang.Object, java.lang.Object, java.lang.Object)'> (0x0000000710d98e70) 
thrown [s\src\hotspot\share\interpreter\linkResolver.cpp, line 784]
Event: 1.882 Thread 0x000002296b09f4c0 Exception <a 'java/lang/NoSuchMethodError'{0x0000000710649f10}: 'java.lang.Object java.lang.invoke.DirectMethodHandle$Holder.invokeVirtual(java.lang.Object, java.lang.Object, java.lang.Object, java.lang.Object, java.lang.Object, java.lang.Object)'> (0x0000000710649f10) 
thrown [s\src\hotspot\share\interpreter\linkResolver.cpp, line 784]
Event: 1.909 Thread 0x000002296b09f4c0 Exception <a 'java/lang/NoSuchMethodError'{0x000000071070af10}: 'java.lang.Object java.lang.invoke.DirectMethodHandle$Holder.invokeVirtual(java.lang.Object, java.lang.Object, java.lang.Object, java.lang.Object, java.lang.Object)'> (0x000000071070af10) 
thrown [s\src\hotspot\share\interpreter\linkResolver.cpp, line 784]
Event: 1.912 Thread 0x000002296b09f4c0 Exception <a 'java/lang/NoSuchMethodError'{0x000000071071dd60}: 'java.lang.Object java.lang.invoke.Invokers$Holder.invokeExact_MT(java.lang.Object, java.lang.Object, java.lang.Object, java.lang.Object, java.lang.Object, java.lang.Object)'> (0x000000071071dd60) 
thrown [s\src\hotspot\share\interpreter\linkResolver.cpp, line 784]
Event: 1.949 Thread 0x000002296b09f4c0 Exception <a 'java/lang/NoSuchMethodError'{0x00000007107f1500}: 'java.lang.Object java.lang.invoke.DirectMethodHandle$Holder.invokeSpecialIFC(java.lang.Object, java.lang.Object, java.lang.Object, java.lang.Object)'> (0x00000007107f1500) 
thrown [s\src\hotspot\share\interpreter\linkResolver.cpp, line 784]
Event: 1.950 Thread 0x000002296b09f4c0 Exception <a 'java/lang/NoSuchMethodError'{0x00000007107faa50}: 'java.lang.Object java.lang.invoke.DirectMethodHandle$Holder.invokeVirtual(java.lang.Object, java.lang.Object, java.lang.Object, java.lang.Object, java.lang.Object, java.lang.Object, java.lang.Object, java.lang.Object)'> (0x00000007107faa50) 
thrown [s\src\hotspot\share\interpreter\linkResolver.cpp, line 784]
Event: 1.978 Thread 0x000002296b09f4c0 Exception <a 'java/lang/NoSuchMethodError'{0x000000071045ab88}: 'java.lang.Object java.lang.invoke.DirectMethodHandle$Holder.invokeVirtual(java.lang.Object, java.lang.Object, java.lang.Object, java.lang.Object, java.lang.Object, java.lang.Object, java.lang.Object, java.lang.Object, java.lang.Object)'> (0x000000071045ab88) 
thrown [s\src\hotspot\share\interpreter\linkResolver.cpp, line 784]
Event: 2.206 Thread 0x000002296b09f4c0 Exception <a 'java/lang/NoSuchMethodError'{0x00000007103bd6e8}: 'java.lang.Object java.lang.invoke.DirectMethodHandle$Holder.invokeStaticInit(java.lang.Object, java.lang.Object, int, int, int, int)'> (0x00000007103bd6e8) 
thrown [s\src\hotspot\share\interpreter\linkResolver.cpp, line 784]
Event: 2.820 Thread 0x000002290c7b70f0 Exception <a 'java/lang/NoSuchMethodError'{0x000000070f86f158}: 'void java.lang.invoke.DirectMethodHandle$Holder.invokeStatic(java.lang.Object, long)'> (0x000000070f86f158) 
thrown [s\src\hotspot\share\interpreter\linkResolver.cpp, line 784]

ZGC Phase Switch (0 events):
No events

VM Operations (20 events):
Event: 1.741 Executing VM operation: HandshakeAllThreads (Deoptimize)
Event: 1.741 Executing VM operation: HandshakeAllThreads (Deoptimize) done
Event: 2.187 Executing VM operation: HandshakeAllThreads (Deoptimize)
Event: 2.187 Executing VM operation: HandshakeAllThreads (Deoptimize) done
Event: 2.187 Executing VM operation: Cleanup
Event: 2.187 Executing VM operation: Cleanup done
Event: 2.456 Executing VM operation: HandshakeAllThreads (Deoptimize)
Event: 2.456 Executing VM operation: HandshakeAllThreads (Deoptimize) done
Event: 2.831 Executing VM operation: HandshakeAllThreads (Deoptimize)
Event: 2.843 Executing VM operation: HandshakeAllThreads (Deoptimize) done
Event: 2.861 Executing VM operation: HandshakeAllThreads (Deoptimize)
Event: 2.861 Executing VM operation: HandshakeAllThreads (Deoptimize) done
Event: 3.863 Executing VM operation: Cleanup
Event: 3.863 Executing VM operation: Cleanup done
Event: 7.886 Executing VM operation: Cleanup
Event: 7.886 Executing VM operation: Cleanup done
Event: 8.186 Executing VM operation: HandshakeAllThreads (Deoptimize)
Event: 8.186 Executing VM operation: HandshakeAllThreads (Deoptimize) done
Event: 9.186 Executing VM operation: Cleanup
Event: 9.186 Executing VM operation: Cleanup done

Memory protections (0 events):
No events

Nmethod flushes (0 events):
No events

Events (20 events):
Event: 0.179 Loaded shared library C:\Program Files\Android\Android Studio\jbr\bin\nio.dll
Event: 0.195 Loaded shared library C:\Program Files\Android\Android Studio\jbr\bin\zip.dll
Event: 0.282 Loaded shared library C:\Program Files\Android\Android Studio\jbr\bin\jimage.dll
Event: 0.598 Thread 0x00000229072ca0c0 Thread added: 0x000002290770a2d0
Event: 0.688 Thread 0x000002290770a2d0 Thread added: 0x0000022907752c00
Event: 1.437 Loaded shared library C:\Program Files\Android\Android Studio\jbr\bin\management.dll
Event: 1.441 Loaded shared library C:\Program Files\Android\Android Studio\jbr\bin\management_ext.dll
Event: 1.598 Loaded shared library C:\Users\russe\.gradle\native\c067742578af261105cb4f569cf0c3c89f3d7b1fecec35dd04571415982c5e48\windows-amd64\native-platform.dll
Event: 1.665 Thread 0x000002296b09f4c0 Thread added: 0x000002290c741b50
Event: 2.295 Thread 0x0000022907752c00 Thread exited: 0x0000022907752c00
Event: 2.303 Loaded shared library C:\Program Files\Android\Android Studio\jbr\bin\extnet.dll
Event: 2.433 Thread 0x000002290770a2d0 Thread exited: 0x000002290770a2d0
Event: 2.488 Thread 0x00000229072ca0c0 Thread added: 0x000002290c3ebdb0
Event: 2.799 Thread 0x000002296b09f4c0 Thread added: 0x000002290c7b70f0
Event: 2.828 Thread 0x000002290c7b70f0 Thread added: 0x000002290c9282d0
Event: 2.830 Thread 0x000002290c7b70f0 Thread added: 0x000002290c928940
Event: 2.835 Thread 0x000002290c9282d0 Thread exited: 0x000002290c9282d0
Event: 3.581 Thread 0x000002290c3ebdb0 Thread exited: 0x000002290c3ebdb0
Event: 7.980 Thread 0x000002290c928940 Thread exited: 0x000002290c928940
Event: 7.980 Thread 0x000002290c7b70f0 Thread exited: 0x000002290c7b70f0


Dynamic libraries:
0x00007ff7cf910000 - 0x00007ff7cf91a000 	C:\Program Files\Android\Android Studio\jbr\bin\java.exe
0x00007ff920ee0000 - 0x00007ff921147000 	C:\WINDOWS\SYSTEM32\ntdll.dll
0x00007ff9201f0000 - 0x00007ff9202b9000 	C:\WINDOWS\System32\KERNEL32.DLL
0x00007ff91d9e0000 - 0x00007ff91ddd4000 	C:\WINDOWS\System32\KERNELBASE.dll
0x00007ff91e650000 - 0x00007ff91e79b000 	C:\WINDOWS\System32\ucrtbase.dll
0x00007ff8f8230000 - 0x00007ff8f8248000 	C:\Program Files\Android\Android Studio\jbr\bin\jli.dll
0x00007ff8f8460000 - 0x00007ff8f847b000 	C:\Program Files\Android\Android Studio\jbr\bin\VCRUNTIME140.dll
0x00007ff920890000 - 0x00007ff920a55000 	C:\WINDOWS\System32\USER32.dll
0x00007ff91e7a0000 - 0x00007ff91e7c7000 	C:\WINDOWS\System32\win32u.dll
0x00007ff920a60000 - 0x00007ff920a8b000 	C:\WINDOWS\System32\GDI32.dll
0x00007ff91e860000 - 0x00007ff91e98b000 	C:\WINDOWS\System32\gdi32full.dll
0x00007ff907040000 - 0x00007ff9072d3000 	C:\WINDOWS\WinSxS\amd64_microsoft.windows.common-controls_6595b64144ccf1df_6.0.26100.8115_none_3e075c82e3354f9c\COMCTL32.dll
0x00007ff91ebc0000 - 0x00007ff91ec63000 	C:\WINDOWS\System32\msvcp_win.dll
0x00007ff9202c0000 - 0x00007ff920369000 	C:\WINDOWS\System32\msvcrt.dll
0x00007ff91ec70000 - 0x00007ff91eca2000 	C:\WINDOWS\System32\IMM32.DLL
0x00007ff90b1e0000 - 0x00007ff90b1ec000 	C:\Program Files\Android\Android Studio\jbr\bin\vcruntime140_1.dll
0x00007ff89b0c0000 - 0x00007ff89b14d000 	C:\Program Files\Android\Android Studio\jbr\bin\msvcp140.dll
0x00007ff866e50000 - 0x00007ff867ade000 	C:\Program Files\Android\Android Studio\jbr\bin\server\jvm.dll
0x00007ff920c50000 - 0x00007ff920d06000 	C:\WINDOWS\System32\ADVAPI32.dll
0x00007ff91ece0000 - 0x00007ff91ed87000 	C:\WINDOWS\System32\sechost.dll
0x00007ff91f640000 - 0x00007ff91f758000 	C:\WINDOWS\System32\RPCRT4.dll
0x00007ff91f2f0000 - 0x00007ff91f370000 	C:\WINDOWS\System32\WS2_32.dll
0x00007ff91d610000 - 0x00007ff91d66e000 	C:\WINDOWS\SYSTEM32\POWRPROF.dll
0x00007ff90d260000 - 0x00007ff90d296000 	C:\WINDOWS\SYSTEM32\WINMM.dll
0x00007ff916a60000 - 0x00007ff916a6b000 	C:\WINDOWS\SYSTEM32\VERSION.dll
0x00007ff91d5f0000 - 0x00007ff91d604000 	C:\WINDOWS\SYSTEM32\UMPDC.dll
0x00007ff91c500000 - 0x00007ff91c51b000 	C:\WINDOWS\SYSTEM32\kernel.appcore.dll
0x00007ff90b1a0000 - 0x00007ff90b1aa000 	C:\Program Files\Android\Android Studio\jbr\bin\jimage.dll
0x00007ff91a230000 - 0x00007ff91a472000 	C:\WINDOWS\SYSTEM32\DBGHELP.DLL
0x00007ff91ee00000 - 0x00007ff91f182000 	C:\WINDOWS\System32\combase.dll
0x00007ff91f560000 - 0x00007ff91f638000 	C:\WINDOWS\System32\OLEAUT32.dll
0x00007ff8fac30000 - 0x00007ff8fac6b000 	C:\WINDOWS\SYSTEM32\dbgcore.DLL
0x00007ff91e990000 - 0x00007ff91ea35000 	C:\WINDOWS\System32\bcryptPrimitives.dll
0x00007ff8f57e0000 - 0x00007ff8f5800000 	C:\Program Files\Android\Android Studio\jbr\bin\java.dll
0x00007ff8eefc0000 - 0x00007ff8eefd8000 	C:\Program Files\Android\Android Studio\jbr\bin\zip.dll
0x00007ff91f9c0000 - 0x00007ff920127000 	C:\WINDOWS\System32\SHELL32.dll
0x00007ff91d7b0000 - 0x00007ff91d91a000 	C:\WINDOWS\System32\wintypes.dll
0x00007ff91dde0000 - 0x00007ff91e648000 	C:\WINDOWS\System32\windows.storage.dll
0x00007ff920d10000 - 0x00007ff920e08000 	C:\WINDOWS\System32\SHCORE.dll
0x00007ff91ed90000 - 0x00007ff91edf6000 	C:\WINDOWS\System32\shlwapi.dll
0x00007ff91d6d0000 - 0x00007ff91d6f9000 	C:\WINDOWS\SYSTEM32\profapi.dll
0x00007ff90ab80000 - 0x00007ff90ab90000 	C:\Program Files\Android\Android Studio\jbr\bin\net.dll
0x00007ff911670000 - 0x00007ff91179d000 	C:\WINDOWS\SYSTEM32\WINHTTP.dll
0x00007ff91ca50000 - 0x00007ff91cabc000 	C:\WINDOWS\system32\mswsock.dll
0x00007ff8ea6a0000 - 0x00007ff8ea6b6000 	C:\Program Files\Android\Android Studio\jbr\bin\nio.dll
0x00007ff90da70000 - 0x00007ff90da80000 	C:\Program Files\Android\Android Studio\jbr\bin\verify.dll
0x00007ff9088e0000 - 0x00007ff9088e9000 	C:\Program Files\Android\Android Studio\jbr\bin\management.dll
0x00007ff906c30000 - 0x00007ff906c3b000 	C:\Program Files\Android\Android Studio\jbr\bin\management_ext.dll
0x00007ff9203f0000 - 0x00007ff9203f8000 	C:\WINDOWS\System32\PSAPI.DLL
0x00007ff90b220000 - 0x00007ff90b247000 	C:\Users\russe\.gradle\native\c067742578af261105cb4f569cf0c3c89f3d7b1fecec35dd04571415982c5e48\windows-amd64\native-platform.dll
0x00007ff91ce50000 - 0x00007ff91ce6b000 	C:\WINDOWS\SYSTEM32\CRYPTSP.dll
0x00007ff91c460000 - 0x00007ff91c499000 	C:\WINDOWS\system32\rsaenh.dll
0x00007ff91cb00000 - 0x00007ff91cb33000 	C:\WINDOWS\SYSTEM32\USERENV.dll
0x00007ff91d6a0000 - 0x00007ff91d6ca000 	C:\WINDOWS\SYSTEM32\bcrypt.dll
0x00007ff91ccb0000 - 0x00007ff91ccbc000 	C:\WINDOWS\SYSTEM32\CRYPTBASE.dll
0x00007ff91bee0000 - 0x00007ff91bf12000 	C:\WINDOWS\SYSTEM32\IPHLPAPI.DLL
0x00007ff920ae0000 - 0x00007ff920aea000 	C:\WINDOWS\System32\NSI.dll
0x00007ff9033e0000 - 0x00007ff9033e9000 	C:\Program Files\Android\Android Studio\jbr\bin\extnet.dll
0x00007ff90b400000 - 0x00007ff90b408000 	C:\WINDOWS\system32\wshunix.dll

dbghelp: loaded successfully - version: 4.0.5 - missing functions: none
symbol engine: initialized successfully - sym options: 0x614 - pdb path: .;C:\Program Files\Android\Android Studio\jbr\bin;C:\WINDOWS\SYSTEM32;C:\WINDOWS\WinSxS\amd64_microsoft.windows.common-controls_6595b64144ccf1df_6.0.26100.8115_none_3e075c82e3354f9c;C:\Program Files\Android\Android Studio\jbr\bin\server;C:\Users\russe\.gradle\native\c067742578af261105cb4f569cf0c3c89f3d7b1fecec35dd04571415982c5e48\windows-amd64

VM Arguments:
jvm_args: -Dorg.gradle.appname=gradlew 
java_command: org.gradle.wrapper.GradleWrapperMain -q -Ptarget-platform=android-arm64 -Ptarget=K:\Myreklam\myreklam-mobile\lib\main.dart -Pbase-application-name=android.app.Application -Pdart-defines=RkxVVFRFUl9WRVJTSU9OPTMuMzUuMw==,RkxVVFRFUl9DSEFOTkVMPXN0YWJsZQ==,RkxVVFRFUl9HSVRfVVJMPWh0dHBzOi8vZ2l0aHViLmNvbS9mbHV0dGVyL2ZsdXR0ZXIuZ2l0,RkxVVFRFUl9GUkFNRVdPUktfUkVWSVNJT049YTQwMmQ5YTQzNw==,RkxVVFRFUl9FTkdJTkVfUkVWSVNJT049ZGRmNDdkZDNmZg==,RkxVVFRFUl9EQVJUX1ZFUlNJT049My45LjI= -Pdart-obfuscation=false -Ptrack-widget-creation=true -Ptree-shake-icons=false -Pfilesystem-scheme=org-dartlang-root assembleDebug
java_class_path (initial): K:\Myreklam\myreklam-mobile\android\\gradle\wrapper\gradle-wrapper.jar
Launcher Type: SUN_STANDARD

[Global flags]
     intx CICompilerCount                          = 4                                         {product} {ergonomic}
     uint ConcGCThreads                            = 2                                         {product} {ergonomic}
     uint G1ConcRefinementThreads                  = 8                                         {product} {ergonomic}
   size_t G1HeapRegionSize                         = 2097152                                   {product} {ergonomic}
    uintx GCDrainStackTargetSize                   = 64                                        {product} {ergonomic}
   size_t InitialHeapSize                          = 266338304                                 {product} {ergonomic}
   size_t MarkStackSize                            = 4194304                                   {product} {ergonomic}
   size_t MaxHeapSize                              = 4259315712                                {product} {ergonomic}
   size_t MaxNewSize                               = 2554331136                                {product} {ergonomic}
   size_t MinHeapDeltaBytes                        = 2097152                                   {product} {ergonomic}
   size_t MinHeapSize                              = 8388608                                   {product} {ergonomic}
    uintx NonNMethodCodeHeapSize                   = 5839372                                {pd product} {ergonomic}
    uintx NonProfiledCodeHeapSize                  = 122909434                              {pd product} {ergonomic}
    uintx ProfiledCodeHeapSize                     = 122909434                              {pd product} {ergonomic}
    uintx ReservedCodeCacheSize                    = 251658240                              {pd product} {ergonomic}
     bool SegmentedCodeCache                       = true                                      {product} {ergonomic}
   size_t SoftMaxHeapSize                          = 4259315712                             {manageable} {ergonomic}
     bool UseCompressedOops                        = true                           {product lp64_product} {ergonomic}
     bool UseG1GC                                  = true                                      {product} {ergonomic}
     bool UseLargePagesIndividualAllocation        = false                                  {pd product} {ergonomic}

Logging:
Log output configuration:
 #0: stdout all=warning uptime,level,tags foldmultilines=false
 #1: stderr all=off uptime,level,tags foldmultilines=false

Environment Variables:
JAVA_HOME=C:\Program Files\Android\Android Studio\jbr
CLASSPATH=K:\Myreklam\myreklam-mobile\android\\gradle\wrapper\gradle-wrapper.jar
PATH=C:\Program Files\Android\Android Studio\jbr\bin;C:\Users\russe\AppData\Local\Programs\Windsurf;C:\Program Files\Eclipse Adoptium\jdk-17.0.16.8-hotspot\bin;C:\WINDOWS\system32;C:\WINDOWS;C:\WINDOWS\System32\Wbem;C:\WINDOWS\System32\WindowsPowerShell\v1.0\;C:\WINDOWS\System32\OpenSSH\;C:\Program Files\Git\cmd;C:\Users\russe\AppData\Local\nvm;C:\nvm4w\nodejs;C:\wamp64\bin\php\php8.4.0;C:\ProgramData\ComposerSetup\bin;C:\Program Files\PuTTY\;K:\flutter\bin;C:\Users\russe\AppData\Local\Android\Sdk\platform-tools;C:\Program Files (x86)\Ghdl\Bin;C:\Users\russe\AppData\Local\Microsoft\WindowsApps;C:\Users\russe\AppData\Local\Programs\Microsoft VS Code\bin;C:\Users\russe\AppData\Roaming\Composer\vendor\bin;C:\Users\russe\AppData\Local\Programs\Windsurf\bin;C:\Users\russe\AppData\Local\Pub\Cache\bin;C:\Program Files\JetBrains\IntelliJ IDEA Community Edition 2025.2.6.1\bin;K:\flutter\bin\mingit\cmd;K:\flutter\bin\mingit\cmd
USERNAME=russe
OS=Windows_NT
PROCESSOR_IDENTIFIER=Intel64 Family 6 Model 158 Stepping 9, GenuineIntel
TMP=C:\Users\russe\AppData\Local\Temp
TEMP=C:\Users\russe\AppData\Local\Temp




Periodic native trim disabled

JNI global refs:
JNI global refs: 19, weak refs: 0

JNI global refs memory usage: 835, weak refs: 201

Process memory usage:
Resident Set Size: 116772K (0% of 16634324K total physical memory with 1218244K free physical memory)

OOME stack traces (most recent first):
Classloader memory used:
Loader bootstrap                                                                       : 14459K
Loader org.gradle.internal.classloader.VisitableURLClassLoader                         : 5317K
Loader java.net.URLClassLoader                                                         : 232K
Loader jdk.internal.loader.ClassLoaders$PlatformClassLoader                            : 155K
Loader jdk.internal.loader.ClassLoaders$AppClassLoader                                 : 147K

Classes loaded by more than one classloader:
Class org.gradle.internal.classloader.ClassLoaderHierarchy                            : loaded 2 times (x 68B)
Class org.gradle.cli.AbstractPropertiesCommandLineConverter                           : loaded 2 times (x 81B)
Class org.gradle.api.internal.classpath.ManifestUtil                                  : loaded 2 times (x 69B)
Class org.gradle.cli.CommandLineParser                                                : loaded 2 times (x 77B)
Class org.gradle.internal.classloader.ClassLoaderVisitor                              : loaded 2 times (x 74B)
Class org.gradle.api.internal.classpath.EffectiveClassPath                            : loaded 2 times (x 88B)
Class org.gradle.internal.service.UnknownServiceException                             : loaded 2 times (x 81B)
Class org.gradle.cli.SystemPropertiesCommandLineConverter                             : loaded 2 times (x 81B)
Class org.gradle.cli.CommandLineArgumentException                                     : loaded 2 times (x 80B)
Class org.gradle.cli.CommandLineParser$KnownOptionParserState                         : loaded 2 times (x 74B)
Class org.gradle.internal.InternalTransformer                                         : loaded 2 times (x 68B)
Class org.gradle.internal.classloader.ClasspathUtil$1                                 : loaded 2 times (x 74B)
Class org.gradle.api.internal.classpath.DefaultModuleRegistry$DefaultModule           : loaded 2 times (x 84B)
Class org.gradle.api.internal.classpath.Module                                        : loaded 2 times (x 68B)
Class org.gradle.api.internal.classpath.UnknownModuleException                        : loaded 2 times (x 80B)
Class org.gradle.internal.classpath.DefaultClassPath$ImmutableUniqueList              : loaded 2 times (x 197B)
Class org.gradle.cli.CommandLineParser$OptionAwareParserState                         : loaded 2 times (x 75B)
Class org.gradle.cli.ParsedCommandLine                                                : loaded 2 times (x 78B)
Class org.gradle.internal.classpath.ClassPath                                         : loaded 2 times (x 68B)
Class org.gradle.cli.CommandLineParser$UnknownOptionParserState                       : loaded 2 times (x 74B)
Class org.gradle.cli.ParsedCommandLineOption                                          : loaded 2 times (x 74B)
Class org.gradle.api.UncheckedIOException                                             : loaded 2 times (x 80B)
Class org.gradle.cli.CommandLineParser$AfterFirstSubCommand                           : loaded 2 times (x 75B)
Class org.gradle.api.internal.classpath.ModuleRegistry                                : loaded 2 times (x 68B)
Class org.gradle.internal.installation.GradleInstallation$1                           : loaded 2 times (x 73B)
Class org.gradle.api.internal.classpath.DefaultModuleRegistry                         : loaded 2 times (x 84B)
Class org.gradle.cli.CommandLineOption                                                : loaded 2 times (x 84B)
Class org.gradle.cli.CommandLineParser$BeforeFirstSubCommand                          : loaded 2 times (x 75B)
Class org.gradle.internal.service.ServiceLookupException                              : loaded 2 times (x 80B)
Class org.gradle.cli.CommandLineParser$OptionParserState                              : loaded 2 times (x 73B)
Class org.gradle.internal.classloader.ClasspathUtil                                   : loaded 2 times (x 69B)
Class org.gradle.api.specs.Spec                                                       : loaded 2 times (x 68B)
Class org.gradle.internal.classpath.DefaultClassPath                                  : loaded 2 times (x 88B)
Class org.gradle.internal.classloader.ClassLoaderSpec                                 : loaded 2 times (x 69B)
Class org.gradle.internal.Cast                                                        : loaded 2 times (x 69B)
Class org.gradle.api.Action                                                           : loaded 2 times (x 68B)
Class org.gradle.internal.classpath.DefaultClassPath$ImmutableUniqueList$Builder      : loaded 2 times (x 73B)
Class org.gradle.cli.AbstractCommandLineConverter                                     : loaded 2 times (x 77B)
Class org.gradle.api.GradleException                                                  : loaded 2 times (x 80B)
Class org.gradle.internal.IoActions                                                   : loaded 2 times (x 69B)
Class org.gradle.internal.classloader.SystemClassLoaderSpec                           : loaded 2 times (x 69B)
Class org.gradle.cli.CommandLineConverter                                             : loaded 2 times (x 68B)
Class org.gradle.cli.CommandLineParser$MissingOptionArgState                          : loaded 2 times (x 75B)
Class org.gradle.cli.CommandLineParser$ParserState                                    : loaded 2 times (x 74B)
Class org.gradle.cli.CommandLineParser$OptionString                                   : loaded 2 times (x 71B)
Class org.gradle.api.internal.classpath.GlobalCacheRootsProvider                      : loaded 2 times (x 68B)
Class org.gradle.internal.installation.CurrentGradleInstallationLocator               : loaded 2 times (x 69B)
Class org.gradle.internal.installation.CurrentGradleInstallation                      : loaded 2 times (x 71B)
Class org.gradle.util.internal.GUtil                                                  : loaded 2 times (x 69B)
Class org.gradle.cli.CommandLineParser$AfterOptions                                   : loaded 2 times (x 75B)
Class org.gradle.internal.installation.GradleInstallation                             : loaded 2 times (x 73B)

---------------  S Y S T E M  ---------------

OS:
 Windows 11 , 64 bit Build 26100 (10.0.26100.8246)
OS uptime: 0 days 2:51 hours
Hyper-V role detected

CPU: total 8 (initial active 8) (4 cores per cpu, 2 threads per core) family 6 model 158 stepping 9 microcode 0xf6, cx8, cmov, fxsr, ht, mmx, 3dnowpref, sse, sse2, sse3, ssse3, sse4.1, sse4.2, popcnt, lzcnt, tsc, tscinvbit, avx, avx2, aes, erms, clmul, bmi1, bmi2, rtm, adx, fma, vzeroupper, clflush, clflushopt, hv, rdtscp, f16c
Processor Information for the first 8 processors :
  Max Mhz: 2901, Current Mhz: 2901, Mhz Limit: 2901

Memory: 4k page, system-wide physical 16244M (1189M free)
TotalPageFile size 20594M (AvailPageFile size 4M)
current process WorkingSet (physical memory assigned to process): 114M, peak: 116M
current process commit charge ("private bytes"): 362M, peak: 368M

vm_info: OpenJDK 64-Bit Server VM (21.0.7+-13880790-b1038.58) for windows-amd64 JRE (21.0.7+-13880790-b1038.58), built on 2025-08-04T20:56:21Z by "builder" with MS VC++ 16.10 / 16.11 (VS2019)

END.
